INFO: Application started successfully
INFO: User logged in
WARNING: Disk space running low
ERROR: Database connection failed
INFO: Scheduled job executed
ERROR: Unable to send email
INFO: Application started successfully
INFO: User logged in
WARNING: Disk space running low
ERROR: Database connection failed
INFO: Scheduled job executed
ERROR: Unable to send email
INFO: Application started successfully
INFO: User logged in
WARNING: Disk space running low
ERROR: Database connection failed
INFO: Scheduled job executed
ERROR: Unable to send email
INFO: Application started successfully
INFO: User logged in
WARNING: Disk space running low
ERROR: Database connection failed
INFO: Scheduled job executed
ERROR: Unable to send email